I'm sorry, but errors were detected in your script. Please correct the
errors listed below, and try again.


File "game/script.rpy", line 28: expected statement.
    y = name()
      ^

Ren'Py Version: Ren'Py 7.3.5.606
Fri May 08 21:05:24 2020
